main.c:95:1:__io_putchar	16	static
main.c:107:6:splitString	24	static
main.c:120:6:mqtt	136	static
main.c:195:6:publish	72	static
main.c:234:6:loop	16	static
main.c:270:6:connectWifi	128	static
main.c:335:5:main	8	static
main.c:456:6:SystemClock_Config	96	static
main.c:504:13:MX_ADC1_Init	48	static
main.c:592:13:MX_TIM4_Init	64	static
main.c:656:13:MX_USART2_UART_Init	8	static
main.c:691:13:MX_USART3_UART_Init	8	static
main.c:724:13:MX_DMA_Init	16	static
main.c:742:13:MX_GPIO_Init	48	static
main.c:773:1:HAL_UART_RxCpltCallback	24	static
main.c:790:6:Error_Handler	4	static,ignoring_inline_asm
