main.c:95:1:__io_putchar	16	static
main.c:107:6:splitString	24	static
main.c:120:6:mqtt	136	static
main.c:195:6:publish	72	static
main.c:234:6:loop	16	static
main.c:270:6:connectWifi	128	static
main.c:331:5:main	16	static
main.c:452:6:SystemClock_Config	96	static
main.c:500:13:MX_ADC1_Init	48	static
main.c:588:13:MX_TIM4_Init	64	static
main.c:652:13:MX_USART2_UART_Init	8	static
main.c:687:13:MX_USART3_UART_Init	8	static
main.c:720:13:MX_DMA_Init	16	static
main.c:738:13:MX_GPIO_Init	48	static
main.c:786:6:Error_Handler	4	static,ignoring_inline_asm
